nohup: ignoring input
Traceback (most recent call last):
  File "<frozen runpy>", line 198, in _run_module_as_main
  File "<frozen runpy>", line 88, in _run_code
  File "/home/codespace/.local/lib/python3.14/site-packages/uvicorn/__main__.py", line 4, in <module>
    uvicorn.main()
    ~~~~~~~~~~~~^^
  File "/home/codespace/.local/lib/python3.14/site-packages/click/core.py", line 1631, in __call__
    return self.main(*args, **kwargs)
           ~~~~~~~~~^^^^^^^^^^^^^^^^^
  File "/home/codespace/.local/lib/python3.14/site-packages/click/core.py", line 1552, in main
    rv = self.invoke(ctx)
  File "/home/codespace/.local/lib/python3.14/site-packages/click/core.py", line 1415, in invoke
    return ctx.invoke(self.callback, **ctx.params)
           ~~~~~~~~~~^^^^^^^^^^^^^^^^^^^^^^^^^^^^^
  File "/home/codespace/.local/lib/python3.14/site-packages/click/core.py", line 910, in invoke
    return callback(*args, **kwargs)
  File "/home/codespace/.local/lib/python3.14/site-packages/uvicorn/main.py", line 448, in main
    run(
    ~~~^
        app,
        ^^^^
    ...<49 lines>...
        reset_contextvars=reset_contextvars,
        ^^^^^^^^^^^^^^^^^^^^^^^^^^^^^^^^^^^^
    )
    ^
  File "/home/codespace/.local/lib/python3.14/site-packages/uvicorn/main.py", line 620, in run
    config.load_app()
    ~~~~~~~~~~~~~~~^^
  File "/home/codespace/.local/lib/python3.14/site-packages/uvicorn/config.py", line 434, in load_app
    return import_from_string(self.app)
  File "/home/codespace/.local/lib/python3.14/site-packages/uvicorn/importer.py", line 22, in import_from_string
    raise exc from None
  File "/home/codespace/.local/lib/python3.14/site-packages/uvicorn/importer.py", line 19, in import_from_string
    module = importlib.import_module(module_str)
  File "/usr/local/python/3.14.2/lib/python3.14/importlib/__init__.py", line 88, in import_module
    return _bootstrap._gcd_import(name[level:], package, level)
           ~~~~~~~~~~~~~~~~~~~~~~^^^^^^^^^^^^^^^^^^^^^^^^^^^^^^
  File "<frozen importlib._bootstrap>", line 1398, in _gcd_import
  File "<frozen importlib._bootstrap>", line 1371, in _find_and_load
  File "<frozen importlib._bootstrap>", line 1342, in _find_and_load_unlocked
  File "<frozen importlib._bootstrap>", line 938, in _load_unlocked
  File "<frozen importlib._bootstrap_external>", line 759, in exec_module
  File "<frozen importlib._bootstrap>", line 491, in _call_with_frames_removed
  File "/workspaces/integ_ai_in_dev_nlp/main.py", line 3, in <module>
    from app.schemas import ClassifyRequest, ClassifyResponse
ModuleNotFoundError: No module named 'app'
